[
"iosxe_aaa",
"iosxe_aaa_accounting",
"iosxe_aaa_authentication",
"iosxe_aaa_authorization",
"iosxe_access_list_extended",
"iosxe_access_list_ipv6",
"iosxe_access_list_role_based",
"iosxe_access_list_standard",
"iosxe_arp",
"iosxe_as_path_access_list",
"iosxe_banner",
"iosxe_bfd",
"iosxe_bfd_template_multi_hop",
"iosxe_bfd_template_single_hop",
"iosxe_bgp",
"iosxe_bgp_address_family_ipv4",
"iosxe_bgp_address_family_ipv4_mvpn",
"iosxe_bgp_address_family_ipv4_vrf",
"iosxe_bgp_address_family_ipv6",
"iosxe_bgp_address_family_ipv6_vrf",
"iosxe_bgp_address_family_l2vpn",
"iosxe_bgp_address_family_vpnv4",
"iosxe_bgp_address_family_vpnv6",
"iosxe_bgp_bmp_server",
"iosxe_bgp_ipv4_mvpn_neighbor",
"iosxe_bgp_ipv4_unicast_neighbor",
"iosxe_bgp_ipv4_unicast_vrf_neighbor",
"iosxe_bgp_ipv6_unicast_neighbor",
"iosxe_bgp_l2vpn_evpn_neighbor",
"iosxe_bgp_neighbor",
"iosxe_bgp_peer_policy_template",
"iosxe_bgp_peer_session_template",
"iosxe_bridge_domain",
"iosxe_cdp",
"iosxe_class_map",
"iosxe_clock",
"iosxe_community_list_expanded",
"iosxe_community_list_standard",
"iosxe_crypto",
"iosxe_crypto_ikev2",
"iosxe_crypto_ikev2_keyring",
"iosxe_crypto_ikev2_policy",
"iosxe_crypto_ikev2_profile",
"iosxe_crypto_ikev2_proposal",
"iosxe_crypto_ipsec_profile",
"iosxe_crypto_ipsec_transform_set",
"iosxe_crypto_pki",
"iosxe_cts",
"iosxe_device_sensor",
"iosxe_device_tracking",
"iosxe_dhcp",
"iosxe_dot1x",
"iosxe_eem",
"iosxe_eigrp",
"iosxe_eigrp_vrf",
"iosxe_errdisable",
"iosxe_evpn",
"iosxe_evpn_ethernet_segment",
"iosxe_evpn_instance",
"iosxe_flow_exporter",
"iosxe_flow_monitor",
"iosxe_flow_record",
"iosxe_interface_bdi",
"iosxe_interface_ethernet",
"iosxe_interface_isis",
"iosxe_interface_loopback",
"iosxe_interface_mpls",
"iosxe_interface_nve",
"iosxe_interface_ospf",
"iosxe_interface_ospfv3",
"iosxe_interface_pim",
"iosxe_interface_pim_ipv6",
"iosxe_interface_port_channel",
"iosxe_interface_port_channel_subinterface",
"iosxe_interface_stackwise_virtual",
"iosxe_interface_switchport",
"iosxe_interface_tunnel",
"iosxe_interface_vlan",
"iosxe_interface_vrrp_v2",
"iosxe_ipv6_local_pool",
"iosxe_ipv6_prefix_list",
"iosxe_isis",
"iosxe_key_chain",
"iosxe_l2_vfi",
"iosxe_large_community_list_expanded",
"iosxe_license",
"iosxe_line",
"iosxe_lldp",
"iosxe_logging",
"iosxe_mdt_subscription",
"iosxe_monitor_session",
"iosxe_mpls",
"iosxe_msdp",
"iosxe_multicast",
"iosxe_nat",
"iosxe_ntp",
"iosxe_object_group",
"iosxe_ospf",
"iosxe_ospf_vrf",
"iosxe_ospfv3",
"iosxe_ospfv3_address_family_ipv4_vrf",
"iosxe_ospfv3_address_family_ipv6_vrf",
"iosxe_parameter_map",
"iosxe_pim",
"iosxe_pim_ipv6",
"iosxe_platform",
"iosxe_policy_map",
"iosxe_policy_map_event",
"iosxe_prefix_list",
"iosxe_qos",
"iosxe_radius",
"iosxe_radius_server",
"iosxe_route_map",
"iosxe_service",
"iosxe_service_template",
"iosxe_sla",
"iosxe_snmp_server",
"iosxe_spanning_tree",
"iosxe_stackwise_virtual",
"iosxe_static_route",
"iosxe_static_routes_vrf",
"iosxe_switch",
"iosxe_system",
"iosxe_tacacs",
"iosxe_tacacs_server",
"iosxe_template",
"iosxe_udld",
"iosxe_username",
"iosxe_vlan",
"iosxe_vlan_access_map",
"iosxe_vlan_configuration",
"iosxe_vlan_filter",
"iosxe_vlan_group",
"iosxe_vrf",
"iosxe_vtp",
"iosxe_yang",
"iosxe_zone_pair_security",
"iosxe_zone_security"
]